// Jest Snapshot v1, https://goo.gl/fbAQLP

exports[`<Welcome /> renders correctly 1`] = `
<div
  className="sc-bdVaJa joQndy"
>
  <div>
    Welcome!
  </div>
  <a
    href="/signin"
    onClick={[Function]}
  >
    Sign In
  </a>
</div>
`;
