// Jest Snapshot v1, https://goo.gl/fbAQLP

exports[`<Header /> renders correctly 1`] = `
<nav
  className="sc-bdVaJa pEDwD"
>
  Header
</nav>
`;
