// Jest Snapshot v1, https://goo.gl/fbAQLP

exports[`<App /> renders correctly 1`] = `
<div
  className="inner-app"
>
  <nav
    className="sc-bdVaJa ivzAOn"
  >
    Header
  </nav>
  <div>
    WRONG!
  </div>
</div>
`;
