// Jest Snapshot v1, https://goo.gl/fbAQLP

exports[`<App /> renders correctly 1`] = `
<div>
  <div>
    Header
  </div>
  <div>
    WRONG!
  </div>
</div>
`;
